// Jest Snapshot v1, https://goo.gl/fbAQLP

exports[`FilmPage should contain right data 1`] = `
<div
  className="film-page"
>
  <div
    className="film-page__info-wrapper"
  >
    <div
      className="film-page__content"
    >
      <div
        className="film-page__heading"
      >
        <span
          className="logo"
        >
          netflixroulette
        </span>
        <a
          className="film-page__search-link"
        >
          Search
        </a>
      </div>
      <section
        className="film-page__film-info"
      >
        <div
          className="film-page__poster-wrapper"
        >
          <img
            className="film-page__poster"
          />
        </div>
        <div
          className="film-page__text-info"
        >
          <h1
            className="film-page__film-title"
          />
          <p
            className="film-page__film-rewards"
          />
          <p
            className="film-page__film-time"
          >
            <span
              className="film-page__film-year"
            >
              2001
            </span>
            <span
              className="film-page__film-duration"
            >
               min
            </span>
          </p>
          <p
            className="film-page__film-description"
          />
        </div>
      </section>
    </div>
  </div>
  <div
    className="film-page__same-genre-heading"
  >
    Films by 
    <span
      className="film-page__genre-title"
    >
      
       genre 
    </span>
  </div>
  <ul
    className="films-search-result"
  >
    <li
      className="films-search-result__film films-search-result__film--dummy"
    />
    <li
      className="films-search-result__film films-search-result__film--dummy"
    />
    <li
      className="films-search-result__film films-search-result__film--dummy"
    />
    <li
      className="films-search-result__film films-search-result__film--dummy"
    />
  </ul>
</div>
`;
